[0.008s] Invoking command in '/home/aa274/autonomy_ws/aa174_section2_4/build/autonomy_repo': CMAKE_PREFIX_PATH=${CMAKE_PREFIX_PATH}:/opt/ros/humble /usr/bin/cmake /home/aa274/autonomy_ws/aa174_section2_4/autonomy_repo -DCMAKE_EXPORT_COMPILE_COMMANDS=ON -DCMAKE_BUILD_TYPE=RelWithDebInfo -DAMENT_CMAKE_SYMLINK_INSTALL=1 -DCMAKE_INSTALL_PREFIX=/home/aa274/autonomy_ws/aa174_section2_4/install/autonomy_repo
[0.058s] -- The C compiler identification is GNU 11.4.0
[0.101s] -- The CXX compiler identification is GNU 11.4.0
[0.106s] -- Detecting C compiler ABI info
[0.160s] -- Detecting C compiler ABI info - done
[0.165s] -- Check for working C compiler: /usr/bin/cc - skipped
[0.165s] -- Detecting C compile features
[0.165s] -- Detecting C compile features - done
[0.168s] -- Detecting CXX compiler ABI info
[0.234s] -- Detecting CXX compiler ABI info - done
[0.239s] -- Check for working CXX compiler: /usr/bin/c++ - skipped
[0.239s] -- Detecting CXX compile features
[0.240s] -- Detecting CXX compile features - done
[0.241s] -- Found ament_cmake: 1.3.11 (/opt/ros/humble/share/ament_cmake/cmake)
[0.497s] -- Found Python3: /usr/bin/python3 (found version "3.10.12") found components: Interpreter 
[0.555s] -- Override CMake install command with custom implementation using symlinks instead of copying resources
[0.580s] -- Found ament_lint_auto: 0.12.11 (/opt/ros/humble/share/ament_lint_auto/cmake)
[0.633s] -- Added test 'flake8' to check Python code syntax and style conventions
[0.633s] -- Added test 'lint_cmake' to check CMake code style
[0.634s] -- Added test 'pep257' to check Python code against some of the docstring style conventions in PEP 257
[0.634s] -- Added test 'xmllint' to check XML markup files
[0.635s] -- Configuring done
[0.636s] -- Generating done
[0.637s] [33mCMake Warning:
[0.637s]   Manually-specified variables were not used by the project:
[0.637s] 
[0.637s]     CMAKE_EXPORT_COMPILE_COMMANDS
[0.637s] 
[0.637s] [0m
[0.637s] -- Build files have been written to: /home/aa274/autonomy_ws/aa174_section2_4/build/autonomy_repo
[0.642s] Invoked command in '/home/aa274/autonomy_ws/aa174_section2_4/build/autonomy_repo' returned '0': CMAKE_PREFIX_PATH=${CMAKE_PREFIX_PATH}:/opt/ros/humble /usr/bin/cmake /home/aa274/autonomy_ws/aa174_section2_4/autonomy_repo -DCMAKE_EXPORT_COMPILE_COMMANDS=ON -DCMAKE_BUILD_TYPE=RelWithDebInfo -DAMENT_CMAKE_SYMLINK_INSTALL=1 -DCMAKE_INSTALL_PREFIX=/home/aa274/autonomy_ws/aa174_section2_4/install/autonomy_repo
[0.643s] Invoking command in '/home/aa274/autonomy_ws/aa174_section2_4/build/autonomy_repo': CMAKE_PREFIX_PATH=${CMAKE_PREFIX_PATH}:/opt/ros/humble /usr/bin/cmake --build /home/aa274/autonomy_ws/aa174_section2_4/build/autonomy_repo -- -j14 -l14
[0.670s] Invoked command in '/home/aa274/autonomy_ws/aa174_section2_4/build/autonomy_repo' returned '0': CMAKE_PREFIX_PATH=${CMAKE_PREFIX_PATH}:/opt/ros/humble /usr/bin/cmake --build /home/aa274/autonomy_ws/aa174_section2_4/build/autonomy_repo -- -j14 -l14
[0.697s] Invoking command in '/home/aa274/autonomy_ws/aa174_section2_4/build/autonomy_repo': CMAKE_PREFIX_PATH=${CMAKE_PREFIX_PATH}:/opt/ros/humble /usr/bin/cmake --install /home/aa274/autonomy_ws/aa174_section2_4/build/autonomy_repo
[0.702s] -- Install configuration: "RelWithDebInfo"
[0.702s] -- Execute custom install script
[0.703s] -- Symlinking: /home/aa274/autonomy_ws/aa174_section2_4/install/autonomy_repo/lib/autonomy_repo/navigator.py
[0.710s] -- Symlinking: /home/aa274/autonomy_ws/aa174_section2_4/install/autonomy_repo/share/autonomy_repo/launch/navigator.launch.py
[0.718s] -- Symlinking: /home/aa274/autonomy_ws/aa174_section2_4/install/autonomy_repo/share/autonomy_repo/rviz/default.rviz
[0.724s] -- Symlinking: /home/aa274/autonomy_ws/aa174_section2_4/install/autonomy_repo/share/ament_index/resource_index/package_run_dependencies/autonomy_repo
[0.730s] -- Symlinking: /home/aa274/autonomy_ws/aa174_section2_4/install/autonomy_repo/share/ament_index/resource_index/parent_prefix_path/autonomy_repo
[0.737s] -- Symlinking: /home/aa274/autonomy_ws/aa174_section2_4/install/autonomy_repo/share/autonomy_repo/environment/ament_prefix_path.sh
[0.745s] -- Symlinking: /home/aa274/autonomy_ws/aa174_section2_4/install/autonomy_repo/share/autonomy_repo/environment/ament_prefix_path.dsv
[0.751s] -- Symlinking: /home/aa274/autonomy_ws/aa174_section2_4/install/autonomy_repo/share/autonomy_repo/environment/path.sh
[0.759s] -- Symlinking: /home/aa274/autonomy_ws/aa174_section2_4/install/autonomy_repo/share/autonomy_repo/environment/path.dsv
[0.764s] -- Symlinking: /home/aa274/autonomy_ws/aa174_section2_4/install/autonomy_repo/share/autonomy_repo/local_setup.bash
[0.770s] -- Symlinking: /home/aa274/autonomy_ws/aa174_section2_4/install/autonomy_repo/share/autonomy_repo/local_setup.sh
[0.778s] -- Symlinking: /home/aa274/autonomy_ws/aa174_section2_4/install/autonomy_repo/share/autonomy_repo/local_setup.zsh
[0.784s] -- Symlinking: /home/aa274/autonomy_ws/aa174_section2_4/install/autonomy_repo/share/autonomy_repo/local_setup.dsv
[0.793s] -- Symlinking: /home/aa274/autonomy_ws/aa174_section2_4/install/autonomy_repo/share/autonomy_repo/package.dsv
[0.799s] -- Symlinking: /home/aa274/autonomy_ws/aa174_section2_4/install/autonomy_repo/share/ament_index/resource_index/packages/autonomy_repo
[0.806s] -- Symlinking: /home/aa274/autonomy_ws/aa174_section2_4/install/autonomy_repo/share/autonomy_repo/cmake/autonomy_repoConfig.cmake
[0.812s] -- Symlinking: /home/aa274/autonomy_ws/aa174_section2_4/install/autonomy_repo/share/autonomy_repo/cmake/autonomy_repoConfig-version.cmake
[0.819s] -- Symlinking: /home/aa274/autonomy_ws/aa174_section2_4/install/autonomy_repo/share/autonomy_repo/package.xml
[0.827s] Invoked command in '/home/aa274/autonomy_ws/aa174_section2_4/build/autonomy_repo' returned '0': CMAKE_PREFIX_PATH=${CMAKE_PREFIX_PATH}:/opt/ros/humble /usr/bin/cmake --install /home/aa274/autonomy_ws/aa174_section2_4/build/autonomy_repo
