[0.009s] Invoking command in '/home/clauer/autonomy_ws/src/build/s2_basic': CMAKE_PREFIX_PATH=${CMAKE_PREFIX_PATH}:/opt/ros/humble /usr/bin/cmake /home/clauer/autonomy_ws/src/aa174_section2_4/s2_basic -DCMAKE_EXPORT_COMPILE_COMMANDS=ON -DCMAKE_BUILD_TYPE=RelWithDebInfo -DAMENT_CMAKE_SYMLINK_INSTALL=1 -DCMAKE_INSTALL_PREFIX=/home/clauer/autonomy_ws/src/install/s2_basic
[0.065s] -- The C compiler identification is GNU 11.4.0
[0.111s] -- The CXX compiler identification is GNU 11.4.0
[0.118s] -- Detecting C compiler ABI info
[0.188s] -- Detecting C compiler ABI info - done
[0.192s] -- Check for working C compiler: /usr/bin/cc - skipped
[0.192s] -- Detecting C compile features
[0.192s] -- Detecting C compile features - done
[0.194s] -- Detecting CXX compiler ABI info
[0.274s] -- Detecting CXX compiler ABI info - done
[0.279s] -- Check for working CXX compiler: /usr/bin/c++ - skipped
[0.279s] -- Detecting CXX compile features
[0.279s] -- Detecting CXX compile features - done
[0.282s] -- Found ament_cmake: 1.3.12 (/opt/ros/humble/share/ament_cmake/cmake)
[0.397s] -- Found Python3: /usr/bin/python3 (found version "3.10.12") found components: Interpreter 
[0.440s] -- Override CMake install command with custom implementation using symlinks instead of copying resources
[0.468s] -- Found ament_lint_auto: 0.12.14 (/opt/ros/humble/share/ament_lint_auto/cmake)
[0.527s] -- Added test 'flake8' to check Python code syntax and style conventions
[0.527s] -- Added test 'lint_cmake' to check CMake code style
[0.528s] -- Added test 'pep257' to check Python code against some of the docstring style conventions in PEP 257
[0.528s] -- Added test 'xmllint' to check XML markup files
[0.530s] -- Configuring done
[0.532s] -- Generating done
[0.533s] [33mCMake Warning:
[0.533s]   Manually-specified variables were not used by the project:
[0.533s] 
[0.533s]     CMAKE_EXPORT_COMPILE_COMMANDS
[0.533s] 
[0.533s] [0m
[0.533s] -- Build files have been written to: /home/clauer/autonomy_ws/src/build/s2_basic
[0.540s] Invoked command in '/home/clauer/autonomy_ws/src/build/s2_basic' returned '0': CMAKE_PREFIX_PATH=${CMAKE_PREFIX_PATH}:/opt/ros/humble /usr/bin/cmake /home/clauer/autonomy_ws/src/aa174_section2_4/s2_basic -DCMAKE_EXPORT_COMPILE_COMMANDS=ON -DCMAKE_BUILD_TYPE=RelWithDebInfo -DAMENT_CMAKE_SYMLINK_INSTALL=1 -DCMAKE_INSTALL_PREFIX=/home/clauer/autonomy_ws/src/install/s2_basic
[0.542s] Invoking command in '/home/clauer/autonomy_ws/src/build/s2_basic': CMAKE_PREFIX_PATH=${CMAKE_PREFIX_PATH}:/opt/ros/humble /usr/bin/cmake --build /home/clauer/autonomy_ws/src/build/s2_basic -- -j12 -l12
[0.578s] Invoked command in '/home/clauer/autonomy_ws/src/build/s2_basic' returned '0': CMAKE_PREFIX_PATH=${CMAKE_PREFIX_PATH}:/opt/ros/humble /usr/bin/cmake --build /home/clauer/autonomy_ws/src/build/s2_basic -- -j12 -l12
[0.587s] Invoking command in '/home/clauer/autonomy_ws/src/build/s2_basic': CMAKE_PREFIX_PATH=${CMAKE_PREFIX_PATH}:/opt/ros/humble /usr/bin/cmake --install /home/clauer/autonomy_ws/src/build/s2_basic
[0.593s] -- Install configuration: "RelWithDebInfo"
[0.593s] -- Execute custom install script
[0.593s] -- Symlinking: /home/clauer/autonomy_ws/src/install/s2_basic/lib/s2_basic/constant_control.py
[0.600s] -- Symlinking: /home/clauer/autonomy_ws/src/install/s2_basic/share/ament_index/resource_index/package_run_dependencies/s2_basic
[0.608s] -- Symlinking: /home/clauer/autonomy_ws/src/install/s2_basic/share/ament_index/resource_index/parent_prefix_path/s2_basic
[0.615s] -- Symlinking: /home/clauer/autonomy_ws/src/install/s2_basic/share/s2_basic/environment/ament_prefix_path.sh
[0.622s] -- Symlinking: /home/clauer/autonomy_ws/src/install/s2_basic/share/s2_basic/environment/ament_prefix_path.dsv
[0.633s] -- Symlinking: /home/clauer/autonomy_ws/src/install/s2_basic/share/s2_basic/environment/path.sh
[0.642s] -- Symlinking: /home/clauer/autonomy_ws/src/install/s2_basic/share/s2_basic/environment/path.dsv
[0.652s] -- Symlinking: /home/clauer/autonomy_ws/src/install/s2_basic/share/s2_basic/local_setup.bash
[0.662s] -- Symlinking: /home/clauer/autonomy_ws/src/install/s2_basic/share/s2_basic/local_setup.sh
[0.671s] -- Symlinking: /home/clauer/autonomy_ws/src/install/s2_basic/share/s2_basic/local_setup.zsh
[0.679s] -- Symlinking: /home/clauer/autonomy_ws/src/install/s2_basic/share/s2_basic/local_setup.dsv
[0.688s] -- Symlinking: /home/clauer/autonomy_ws/src/install/s2_basic/share/s2_basic/package.dsv
[0.696s] -- Symlinking: /home/clauer/autonomy_ws/src/install/s2_basic/share/ament_index/resource_index/packages/s2_basic
[0.706s] -- Symlinking: /home/clauer/autonomy_ws/src/install/s2_basic/share/s2_basic/cmake/s2_basicConfig.cmake
[0.715s] -- Symlinking: /home/clauer/autonomy_ws/src/install/s2_basic/share/s2_basic/cmake/s2_basicConfig-version.cmake
[0.724s] -- Symlinking: /home/clauer/autonomy_ws/src/install/s2_basic/share/s2_basic/package.xml
[0.739s] Invoked command in '/home/clauer/autonomy_ws/src/build/s2_basic' returned '0': CMAKE_PREFIX_PATH=${CMAKE_PREFIX_PATH}:/opt/ros/humble /usr/bin/cmake --install /home/clauer/autonomy_ws/src/build/s2_basic
