[0.571s] DEBUG:colcon:Command line arguments: ['/home/aa274/.local/bin/colcon', 'build']
[0.571s] DEBUG:colcon:Parsed command line arguments: Namespace(log_base=None, log_level=None, verb_name='build', build_base='build', install_base='install', merge_install=False, symlink_install=True, test_result_base=None, continue_on_error=False, executor='parallel', parallel_workers=14, event_handlers=None, ignore_user_meta=False, metas=['./colcon.meta'], base_paths=['.'], packages_ignore=None, packages_ignore_regex=None, paths=None, packages_up_to=None, packages_up_to_regex=None, packages_above=None, packages_above_and_dependencies=None, packages_above_depth=None, packages_select_by_dep=None, packages_skip_by_dep=None, packages_skip_up_to=None, packages_select_build_failed=False, packages_skip_build_finished=False, packages_select_test_failures=False, packages_skip_test_passed=False, packages_select=None, packages_skip=None, packages_select_regex=None, packages_skip_regex=None, packages_start=None, packages_end=None, allow_overriding=[], cmake_args=['-DCMAKE_EXPORT_COMPILE_COMMANDS=ON', '-DCMAKE_BUILD_TYPE=RelWithDebInfo'], cmake_target=None, cmake_target_skip_unavailable=False, cmake_clean_cache=False, cmake_clean_first=False, cmake_force_configure=False, ament_cmake_args=None, catkin_cmake_args=None, catkin_skip_building_tests=False, mixin_files=None, mixin=None, verb_parser=<colcon_mixin.mixin.mixin_argument.MixinArgumentDecorator object at 0x73758d149ff0>, verb_extension=<colcon_core.verb.build.BuildVerb object at 0x73758d2427a0>, main=<bound method BuildVerb.main of <colcon_core.verb.build.BuildVerb object at 0x73758d2427a0>>, mixin_verb=('build',))
[0.725s] Level 1:colcon.colcon_core.package_discovery:discover_packages(colcon_meta) check parameters
[0.726s] Level 1:colcon.colcon_core.package_discovery:discover_packages(recursive) check parameters
[0.726s] Level 1:colcon.colcon_core.package_discovery:discover_packages(ignore) check parameters
[0.726s] Level 1:colcon.colcon_core.package_discovery:discover_packages(path) check parameters
[0.726s] Level 1:colcon.colcon_core.package_discovery:discover_packages(colcon_meta) discover
[0.726s] Level 1:colcon.colcon_core.package_discovery:discover_packages(recursive) discover
[0.726s] INFO:colcon.colcon_core.package_discovery:Crawling recursively for packages in '/home/aa274/autonomy_ws/aa174_section2_4'
[0.727s] Level 1:colcon.colcon_core.package_identification:_identify(.) by extensions ['ignore', 'ignore_ament_install']
[0.727s] Level 1:colcon.colcon_core.package_identification:_identify(.) by extension 'ignore'
[0.727s] Level 1:colcon.colcon_core.package_identification:_identify(.) by extension 'ignore_ament_install'
[0.728s] Level 1:colcon.colcon_core.package_identification:_identify(.) by extensions ['colcon_pkg']
[0.728s] Level 1:colcon.colcon_core.package_identification:_identify(.) by extension 'colcon_pkg'
[0.728s] Level 1:colcon.colcon_core.package_identification:_identify(.) by extensions ['colcon_meta']
[0.728s] Level 1:colcon.colcon_core.package_identification:_identify(.) by extension 'colcon_meta'
[0.728s] Level 1:colcon.colcon_core.package_identification:_identify(.) by extensions ['ros']
[0.728s] Level 1:colcon.colcon_core.package_identification:_identify(.) by extension 'ros'
[0.788s] Level 1:colcon.colcon_core.package_identification:_identify(.) by extensions ['cmake', 'python']
[0.789s] Level 1:colcon.colcon_core.package_identification:_identify(.) by extension 'cmake'
[0.789s] Level 1:colcon.colcon_core.package_identification:_identify(.) by extension 'python'
[0.789s] Level 1:colcon.colcon_core.package_identification:_identify(.) by extensions ['python_setup_py']
[0.789s] Level 1:colcon.colcon_core.package_identification:_identify(.) by extension 'python_setup_py'
[0.790s] Level 1:colcon.colcon_core.package_identification:_identify(autonomy_repo) by extensions ['ignore', 'ignore_ament_install']
[0.790s] Level 1:colcon.colcon_core.package_identification:_identify(autonomy_repo) by extension 'ignore'
[0.790s] Level 1:colcon.colcon_core.package_identification:_identify(autonomy_repo) by extension 'ignore_ament_install'
[0.791s] Level 1:colcon.colcon_core.package_identification:_identify(autonomy_repo) by extensions ['colcon_pkg']
[0.791s] Level 1:colcon.colcon_core.package_identification:_identify(autonomy_repo) by extension 'colcon_pkg'
[0.791s] Level 1:colcon.colcon_core.package_identification:_identify(autonomy_repo) by extensions ['colcon_meta']
[0.791s] Level 1:colcon.colcon_core.package_identification:_identify(autonomy_repo) by extension 'colcon_meta'
[0.791s] Level 1:colcon.colcon_core.package_identification:_identify(autonomy_repo) by extensions ['ros']
[0.791s] Level 1:colcon.colcon_core.package_identification:_identify(autonomy_repo) by extension 'ros'
[0.800s] DEBUG:colcon.colcon_core.package_identification:Package 'autonomy_repo' with type 'ros.ament_cmake' and name 'autonomy_repo'
[0.801s] Level 1:colcon.colcon_core.package_identification:_identify(build) by extensions ['ignore', 'ignore_ament_install']
[0.801s] Level 1:colcon.colcon_core.package_identification:_identify(build) by extension 'ignore'
[0.802s] Level 1:colcon.colcon_core.package_identification:_identify(build) ignored
[0.802s] Level 1:colcon.colcon_core.package_identification:_identify(install) by extensions ['ignore', 'ignore_ament_install']
[0.803s] Level 1:colcon.colcon_core.package_identification:_identify(install) by extension 'ignore'
[0.803s] Level 1:colcon.colcon_core.package_identification:_identify(install) ignored
[0.803s] Level 1:colcon.colcon_core.package_identification:_identify(log) by extensions ['ignore', 'ignore_ament_install']
[0.803s] Level 1:colcon.colcon_core.package_identification:_identify(log) by extension 'ignore'
[0.804s] Level 1:colcon.colcon_core.package_identification:_identify(log) ignored
[0.804s] Level 1:colcon.colcon_core.package_discovery:discover_packages(recursive) using defaults
[0.804s] Level 1:colcon.colcon_core.package_discovery:discover_packages(ignore) discover
[0.804s] Level 1:colcon.colcon_core.package_discovery:discover_packages(ignore) using defaults
[0.804s] Level 1:colcon.colcon_core.package_discovery:discover_packages(path) discover
[0.804s] Level 1:colcon.colcon_core.package_discovery:discover_packages(path) using defaults
[0.887s] Level 1:colcon.colcon_core.package_discovery:discover_packages(prefix_path) check parameters
[0.887s] Level 1:colcon.colcon_core.package_discovery:discover_packages(prefix_path) discover
[0.891s] WARNING:colcon.colcon_ros.prefix_path.ament:The path '/home/aa274/autonomy_ws/aa174_section2_4/install/s2_basic' in the environment variable AMENT_PREFIX_PATH doesn't exist
[0.893s] WARNING:colcon.colcon_ros.prefix_path.catkin:The path '/home/aa274/autonomy_ws/aa174_section2_4/install/s2_basic' in the environment variable CMAKE_PREFIX_PATH doesn't exist
[0.896s] DEBUG:colcon.colcon_installed_package_information.package_discovery:Found 1 installed packages in /home/aa274/autonomy_ws/aa174_section2_4/install
[0.900s] DEBUG:colcon.colcon_installed_package_information.package_discovery:Found 18 installed packages in /home/aa274/tb_ws/install
[0.904s] DEBUG:colcon.colcon_installed_package_information.package_discovery:Found 239 installed packages in /opt/ros/humble
[0.910s] Level 1:colcon.colcon_core.package_discovery:discover_packages(prefix_path) using defaults
[1.031s] Level 5:colcon.colcon_core.verb:set package 'autonomy_repo' build argument 'cmake_args' from command line to '['-DCMAKE_EXPORT_COMPILE_COMMANDS=ON', '-DCMAKE_BUILD_TYPE=RelWithDebInfo']'
[1.031s] Level 5:colcon.colcon_core.verb:set package 'autonomy_repo' build argument 'cmake_target' from command line to 'None'
[1.032s] Level 5:colcon.colcon_core.verb:set package 'autonomy_repo' build argument 'cmake_target_skip_unavailable' from command line to 'False'
[1.032s] Level 5:colcon.colcon_core.verb:set package 'autonomy_repo' build argument 'cmake_clean_cache' from command line to 'False'
[1.032s] Level 5:colcon.colcon_core.verb:set package 'autonomy_repo' build argument 'cmake_clean_first' from command line to 'False'
[1.032s] Level 5:colcon.colcon_core.verb:set package 'autonomy_repo' build argument 'cmake_force_configure' from command line to 'False'
[1.032s] Level 5:colcon.colcon_core.verb:set package 'autonomy_repo' build argument 'ament_cmake_args' from command line to 'None'
[1.032s] Level 5:colcon.colcon_core.verb:set package 'autonomy_repo' build argument 'catkin_cmake_args' from command line to 'None'
[1.032s] Level 5:colcon.colcon_core.verb:set package 'autonomy_repo' build argument 'catkin_skip_building_tests' from command line to 'False'
[1.033s] DEBUG:colcon.colcon_core.verb:Building package 'autonomy_repo' with the following arguments: {'ament_cmake_args': None, 'build_base': '/home/aa274/autonomy_ws/aa174_section2_4/build/autonomy_repo', 'catkin_cmake_args': None, 'catkin_skip_building_tests': False, 'cmake_args': ['-DCMAKE_EXPORT_COMPILE_COMMANDS=ON', '-DCMAKE_BUILD_TYPE=RelWithDebInfo'], 'cmake_clean_cache': False, 'cmake_clean_first': False, 'cmake_force_configure': False, 'cmake_target': None, 'cmake_target_skip_unavailable': False, 'install_base': '/home/aa274/autonomy_ws/aa174_section2_4/install/autonomy_repo', 'merge_install': False, 'path': '/home/aa274/autonomy_ws/aa174_section2_4/autonomy_repo', 'symlink_install': True, 'test_result_base': None}
[1.033s] INFO:colcon.colcon_core.executor:Executing jobs using 'parallel' executor
[1.036s] DEBUG:colcon.colcon_parallel_executor.executor.parallel:run_until_complete
[1.037s] INFO:colcon.colcon_ros.task.ament_cmake.build:Building ROS package in '/home/aa274/autonomy_ws/aa174_section2_4/autonomy_repo' with build type 'ament_cmake'
[1.037s] INFO:colcon.colcon_cmake.task.cmake.build:Building CMake package in '/home/aa274/autonomy_ws/aa174_section2_4/autonomy_repo'
[1.042s] INFO:colcon.colcon_core.plugin_system:Skipping extension 'colcon_core.shell.bat': Not used on non-Windows systems
[1.043s] INFO:colcon.colcon_core.shell:Skip shell extension 'powershell' for command environment: Not usable outside of PowerShell
[1.043s] DEBUG:colcon.colcon_core.shell:Skip shell extension 'dsv' for command environment
[1.074s] DEBUG:colcon.colcon_core.event_handler.log_command:Invoking command in '/home/aa274/autonomy_ws/aa174_section2_4/build/autonomy_repo': CMAKE_PREFIX_PATH=${CMAKE_PREFIX_PATH}:/opt/ros/humble /usr/bin/cmake --build /home/aa274/autonomy_ws/aa174_section2_4/build/autonomy_repo -- -j14 -l14
[1.198s] DEBUG:colcon.colcon_core.event_handler.log_command:Invoked command in '/home/aa274/autonomy_ws/aa174_section2_4/build/autonomy_repo' returned '0': CMAKE_PREFIX_PATH=${CMAKE_PREFIX_PATH}:/opt/ros/humble /usr/bin/cmake --build /home/aa274/autonomy_ws/aa174_section2_4/build/autonomy_repo -- -j14 -l14
[1.299s] DEBUG:colcon.colcon_core.event_handler.log_command:Invoking command in '/home/aa274/autonomy_ws/aa174_section2_4/build/autonomy_repo': CMAKE_PREFIX_PATH=${CMAKE_PREFIX_PATH}:/opt/ros/humble /usr/bin/cmake --install /home/aa274/autonomy_ws/aa174_section2_4/build/autonomy_repo
[1.372s] Level 1:colcon.colcon_core.environment:create_environment_scripts_only(autonomy_repo)
[1.375s] DEBUG:colcon.colcon_core.event_handler.log_command:Invoked command in '/home/aa274/autonomy_ws/aa174_section2_4/build/autonomy_repo' returned '0': CMAKE_PREFIX_PATH=${CMAKE_PREFIX_PATH}:/opt/ros/humble /usr/bin/cmake --install /home/aa274/autonomy_ws/aa174_section2_4/build/autonomy_repo
[1.382s] Level 1:colcon.colcon_core.environment:checking '/home/aa274/autonomy_ws/aa174_section2_4/install/autonomy_repo' for CMake module files
[1.385s] Level 1:colcon.colcon_core.environment:checking '/home/aa274/autonomy_ws/aa174_section2_4/install/autonomy_repo' for CMake config files
[1.386s] Level 1:colcon.colcon_core.shell:create_environment_hook('autonomy_repo', 'cmake_prefix_path')
[1.388s] INFO:colcon.colcon_core.shell:Creating environment hook '/home/aa274/autonomy_ws/aa174_section2_4/install/autonomy_repo/share/autonomy_repo/hook/cmake_prefix_path.ps1'
[1.390s] INFO:colcon.colcon_core.shell:Creating environment descriptor '/home/aa274/autonomy_ws/aa174_section2_4/install/autonomy_repo/share/autonomy_repo/hook/cmake_prefix_path.dsv'
[1.392s] INFO:colcon.colcon_core.shell:Creating environment hook '/home/aa274/autonomy_ws/aa174_section2_4/install/autonomy_repo/share/autonomy_repo/hook/cmake_prefix_path.sh'
[1.396s] Level 1:colcon.colcon_core.environment:checking '/home/aa274/autonomy_ws/aa174_section2_4/install/autonomy_repo/lib'
[1.397s] Level 1:colcon.colcon_core.environment:checking '/home/aa274/autonomy_ws/aa174_section2_4/install/autonomy_repo/bin'
[1.397s] Level 1:colcon.colcon_core.environment:checking '/home/aa274/autonomy_ws/aa174_section2_4/install/autonomy_repo/lib/pkgconfig/autonomy_repo.pc'
[1.398s] Level 1:colcon.colcon_core.environment:checking '/home/aa274/autonomy_ws/aa174_section2_4/install/autonomy_repo/lib/python3.10/site-packages'
[1.399s] Level 1:colcon.colcon_core.environment:checking '/home/aa274/autonomy_ws/aa174_section2_4/install/autonomy_repo/bin'
[1.401s] INFO:colcon.colcon_core.shell:Creating package script '/home/aa274/autonomy_ws/aa174_section2_4/install/autonomy_repo/share/autonomy_repo/package.ps1'
[1.404s] INFO:colcon.colcon_core.shell:Creating package descriptor '/home/aa274/autonomy_ws/aa174_section2_4/install/autonomy_repo/share/autonomy_repo/package.dsv'
[1.407s] INFO:colcon.colcon_core.shell:Creating package script '/home/aa274/autonomy_ws/aa174_section2_4/install/autonomy_repo/share/autonomy_repo/package.sh'
[1.409s] INFO:colcon.colcon_core.shell:Creating package script '/home/aa274/autonomy_ws/aa174_section2_4/install/autonomy_repo/share/autonomy_repo/package.bash'
[1.413s] INFO:colcon.colcon_core.shell:Creating package script '/home/aa274/autonomy_ws/aa174_section2_4/install/autonomy_repo/share/autonomy_repo/package.zsh'
[1.415s] Level 1:colcon.colcon_core.environment:create_file_with_runtime_dependencies(/home/aa274/autonomy_ws/aa174_section2_4/install/autonomy_repo/share/colcon-core/packages/autonomy_repo)
[1.492s] Level 1:colcon.colcon_core.environment:create_environment_scripts_only(autonomy_repo)
[1.493s] Level 1:colcon.colcon_core.environment:checking '/home/aa274/autonomy_ws/aa174_section2_4/install/autonomy_repo' for CMake module files
[1.495s] Level 1:colcon.colcon_core.environment:checking '/home/aa274/autonomy_ws/aa174_section2_4/install/autonomy_repo' for CMake config files
[1.497s] Level 1:colcon.colcon_core.shell:create_environment_hook('autonomy_repo', 'cmake_prefix_path')
[1.498s] INFO:colcon.colcon_core.shell:Creating environment hook '/home/aa274/autonomy_ws/aa174_section2_4/install/autonomy_repo/share/autonomy_repo/hook/cmake_prefix_path.ps1'
[1.500s] INFO:colcon.colcon_core.shell:Creating environment descriptor '/home/aa274/autonomy_ws/aa174_section2_4/install/autonomy_repo/share/autonomy_repo/hook/cmake_prefix_path.dsv'
[1.501s] INFO:colcon.colcon_core.shell:Creating environment hook '/home/aa274/autonomy_ws/aa174_section2_4/install/autonomy_repo/share/autonomy_repo/hook/cmake_prefix_path.sh'
[1.503s] Level 1:colcon.colcon_core.environment:checking '/home/aa274/autonomy_ws/aa174_section2_4/install/autonomy_repo/lib'
[1.504s] Level 1:colcon.colcon_core.environment:checking '/home/aa274/autonomy_ws/aa174_section2_4/install/autonomy_repo/bin'
[1.504s] Level 1:colcon.colcon_core.environment:checking '/home/aa274/autonomy_ws/aa174_section2_4/install/autonomy_repo/lib/pkgconfig/autonomy_repo.pc'
[1.505s] Level 1:colcon.colcon_core.environment:checking '/home/aa274/autonomy_ws/aa174_section2_4/install/autonomy_repo/lib/python3.10/site-packages'
[1.506s] Level 1:colcon.colcon_core.environment:checking '/home/aa274/autonomy_ws/aa174_section2_4/install/autonomy_repo/bin'
[1.508s] INFO:colcon.colcon_core.shell:Creating package script '/home/aa274/autonomy_ws/aa174_section2_4/install/autonomy_repo/share/autonomy_repo/package.ps1'
[1.510s] INFO:colcon.colcon_core.shell:Creating package descriptor '/home/aa274/autonomy_ws/aa174_section2_4/install/autonomy_repo/share/autonomy_repo/package.dsv'
[1.512s] INFO:colcon.colcon_core.shell:Creating package script '/home/aa274/autonomy_ws/aa174_section2_4/install/autonomy_repo/share/autonomy_repo/package.sh'
[1.515s] INFO:colcon.colcon_core.shell:Creating package script '/home/aa274/autonomy_ws/aa174_section2_4/install/autonomy_repo/share/autonomy_repo/package.bash'
[1.517s] INFO:colcon.colcon_core.shell:Creating package script '/home/aa274/autonomy_ws/aa174_section2_4/install/autonomy_repo/share/autonomy_repo/package.zsh'
[1.518s] Level 1:colcon.colcon_core.environment:create_file_with_runtime_dependencies(/home/aa274/autonomy_ws/aa174_section2_4/install/autonomy_repo/share/colcon-core/packages/autonomy_repo)
[1.519s] DEBUG:colcon.colcon_parallel_executor.executor.parallel:closing loop
[1.521s] DEBUG:colcon.colcon_parallel_executor.executor.parallel:loop closed
[1.522s] DEBUG:colcon.colcon_parallel_executor.executor.parallel:run_until_complete finished with '0'
[1.522s] DEBUG:colcon.colcon_core.event_reactor:joining thread
[1.542s] INFO:colcon.colcon_core.plugin_system:Skipping extension 'colcon_notification.desktop_notification.terminal_notifier': Not used on non-Darwin systems
[1.543s] INFO:colcon.colcon_core.plugin_system:Skipping extension 'colcon_notification.desktop_notification.win32': Not used on non-Windows systems
[1.543s] INFO:colcon.colcon_notification.desktop_notification:Sending desktop notification using 'notify2'
[1.590s] DEBUG:colcon.colcon_core.event_reactor:joined thread
[1.591s] INFO:colcon.colcon_core.shell:Creating prefix script '/home/aa274/autonomy_ws/aa174_section2_4/install/local_setup.ps1'
[1.595s] INFO:colcon.colcon_core.shell:Creating prefix util module '/home/aa274/autonomy_ws/aa174_section2_4/install/_local_setup_util_ps1.py'
[1.601s] INFO:colcon.colcon_core.shell:Creating prefix chain script '/home/aa274/autonomy_ws/aa174_section2_4/install/setup.ps1'
[1.607s] INFO:colcon.colcon_core.shell:Creating prefix script '/home/aa274/autonomy_ws/aa174_section2_4/install/local_setup.sh'
[1.610s] INFO:colcon.colcon_core.shell:Creating prefix util module '/home/aa274/autonomy_ws/aa174_section2_4/install/_local_setup_util_sh.py'
[1.613s] INFO:colcon.colcon_core.shell:Creating prefix chain script '/home/aa274/autonomy_ws/aa174_section2_4/install/setup.sh'
[1.620s] INFO:colcon.colcon_core.shell:Creating prefix script '/home/aa274/autonomy_ws/aa174_section2_4/install/local_setup.bash'
[1.622s] INFO:colcon.colcon_core.shell:Creating prefix chain script '/home/aa274/autonomy_ws/aa174_section2_4/install/setup.bash'
[1.629s] INFO:colcon.colcon_core.shell:Creating prefix script '/home/aa274/autonomy_ws/aa174_section2_4/install/local_setup.zsh'
[1.631s] INFO:colcon.colcon_core.shell:Creating prefix chain script '/home/aa274/autonomy_ws/aa174_section2_4/install/setup.zsh'
