[0.569s] DEBUG:colcon:Command line arguments: ['/home/aa274/.local/bin/colcon', 'build']
[0.569s] DEBUG:colcon:Parsed command line arguments: Namespace(log_base=None, log_level=None, verb_name='build', build_base='build', install_base='install', merge_install=False, symlink_install=True, test_result_base=None, continue_on_error=False, executor='parallel', parallel_workers=14, event_handlers=None, ignore_user_meta=False, metas=['./colcon.meta'], base_paths=['.'], packages_ignore=None, packages_ignore_regex=None, paths=None, packages_up_to=None, packages_up_to_regex=None, packages_above=None, packages_above_and_dependencies=None, packages_above_depth=None, packages_select_by_dep=None, packages_skip_by_dep=None, packages_skip_up_to=None, packages_select_build_failed=False, packages_skip_build_finished=False, packages_select_test_failures=False, packages_skip_test_passed=False, packages_select=None, packages_skip=None, packages_select_regex=None, packages_skip_regex=None, packages_start=None, packages_end=None, allow_overriding=[], cmake_args=['-DCMAKE_EXPORT_COMPILE_COMMANDS=ON', '-DCMAKE_BUILD_TYPE=RelWithDebInfo'], cmake_target=None, cmake_target_skip_unavailable=False, cmake_clean_cache=False, cmake_clean_first=False, cmake_force_configure=False, ament_cmake_args=None, catkin_cmake_args=None, catkin_skip_building_tests=False, mixin_files=None, mixin=None, verb_parser=<colcon_mixin.mixin.mixin_argument.MixinArgumentDecorator object at 0x733546845ed0>, verb_extension=<colcon_core.verb.build.BuildVerb object at 0x73354693e680>, main=<bound method BuildVerb.main of <colcon_core.verb.build.BuildVerb object at 0x73354693e680>>, mixin_verb=('build',))
[0.708s] Level 1:colcon.colcon_core.package_discovery:discover_packages(colcon_meta) check parameters
[0.708s] Level 1:colcon.colcon_core.package_discovery:discover_packages(recursive) check parameters
[0.709s] Level 1:colcon.colcon_core.package_discovery:discover_packages(ignore) check parameters
[0.709s] Level 1:colcon.colcon_core.package_discovery:discover_packages(path) check parameters
[0.709s] Level 1:colcon.colcon_core.package_discovery:discover_packages(colcon_meta) discover
[0.709s] Level 1:colcon.colcon_core.package_discovery:discover_packages(recursive) discover
[0.709s] INFO:colcon.colcon_core.package_discovery:Crawling recursively for packages in '/home/aa274/autonomy_ws/aa174_section2_4'
[0.710s] Level 1:colcon.colcon_core.package_identification:_identify(.) by extensions ['ignore', 'ignore_ament_install']
[0.710s] Level 1:colcon.colcon_core.package_identification:_identify(.) by extension 'ignore'
[0.711s] Level 1:colcon.colcon_core.package_identification:_identify(.) by extension 'ignore_ament_install'
[0.711s] Level 1:colcon.colcon_core.package_identification:_identify(.) by extensions ['colcon_pkg']
[0.711s] Level 1:colcon.colcon_core.package_identification:_identify(.) by extension 'colcon_pkg'
[0.711s] Level 1:colcon.colcon_core.package_identification:_identify(.) by extensions ['colcon_meta']
[0.711s] Level 1:colcon.colcon_core.package_identification:_identify(.) by extension 'colcon_meta'
[0.711s] Level 1:colcon.colcon_core.package_identification:_identify(.) by extensions ['ros']
[0.711s] Level 1:colcon.colcon_core.package_identification:_identify(.) by extension 'ros'
[0.765s] Level 1:colcon.colcon_core.package_identification:_identify(.) by extensions ['cmake', 'python']
[0.765s] Level 1:colcon.colcon_core.package_identification:_identify(.) by extension 'cmake'
[0.766s] Level 1:colcon.colcon_core.package_identification:_identify(.) by extension 'python'
[0.766s] Level 1:colcon.colcon_core.package_identification:_identify(.) by extensions ['python_setup_py']
[0.766s] Level 1:colcon.colcon_core.package_identification:_identify(.) by extension 'python_setup_py'
[0.766s] Level 1:colcon.colcon_core.package_identification:_identify(autonomy_repo) by extensions ['ignore', 'ignore_ament_install']
[0.767s] Level 1:colcon.colcon_core.package_identification:_identify(autonomy_repo) by extension 'ignore'
[0.767s] Level 1:colcon.colcon_core.package_identification:_identify(autonomy_repo) by extension 'ignore_ament_install'
[0.767s] Level 1:colcon.colcon_core.package_identification:_identify(autonomy_repo) by extensions ['colcon_pkg']
[0.767s] Level 1:colcon.colcon_core.package_identification:_identify(autonomy_repo) by extension 'colcon_pkg'
[0.767s] Level 1:colcon.colcon_core.package_identification:_identify(autonomy_repo) by extensions ['colcon_meta']
[0.768s] Level 1:colcon.colcon_core.package_identification:_identify(autonomy_repo) by extension 'colcon_meta'
[0.768s] Level 1:colcon.colcon_core.package_identification:_identify(autonomy_repo) by extensions ['ros']
[0.768s] Level 1:colcon.colcon_core.package_identification:_identify(autonomy_repo) by extension 'ros'
[0.777s] DEBUG:colcon.colcon_core.package_identification:Package 'autonomy_repo' with type 'ros.ament_cmake' and name 'autonomy_repo'
[0.778s] Level 1:colcon.colcon_core.package_identification:_identify(build) by extensions ['ignore', 'ignore_ament_install']
[0.778s] Level 1:colcon.colcon_core.package_identification:_identify(build) by extension 'ignore'
[0.779s] Level 1:colcon.colcon_core.package_identification:_identify(build) ignored
[0.779s] Level 1:colcon.colcon_core.package_identification:_identify(install) by extensions ['ignore', 'ignore_ament_install']
[0.780s] Level 1:colcon.colcon_core.package_identification:_identify(install) by extension 'ignore'
[0.780s] Level 1:colcon.colcon_core.package_identification:_identify(install) ignored
[0.780s] Level 1:colcon.colcon_core.package_identification:_identify(log) by extensions ['ignore', 'ignore_ament_install']
[0.780s] Level 1:colcon.colcon_core.package_identification:_identify(log) by extension 'ignore'
[0.780s] Level 1:colcon.colcon_core.package_identification:_identify(log) ignored
[0.780s] Level 1:colcon.colcon_core.package_discovery:discover_packages(recursive) using defaults
[0.781s] Level 1:colcon.colcon_core.package_discovery:discover_packages(ignore) discover
[0.781s] Level 1:colcon.colcon_core.package_discovery:discover_packages(ignore) using defaults
[0.781s] Level 1:colcon.colcon_core.package_discovery:discover_packages(path) discover
[0.781s] Level 1:colcon.colcon_core.package_discovery:discover_packages(path) using defaults
[0.840s] Level 1:colcon.colcon_core.package_discovery:discover_packages(prefix_path) check parameters
[0.841s] Level 1:colcon.colcon_core.package_discovery:discover_packages(prefix_path) discover
[0.843s] WARNING:colcon.colcon_ros.prefix_path.ament:The path '/home/aa274/autonomy_ws/aa174_section2_4/install/s2_basic' in the environment variable AMENT_PREFIX_PATH doesn't exist
[0.844s] WARNING:colcon.colcon_ros.prefix_path.catkin:The path '/home/aa274/autonomy_ws/aa174_section2_4/install/s2_basic' in the environment variable CMAKE_PREFIX_PATH doesn't exist
[0.846s] DEBUG:colcon.colcon_installed_package_information.package_discovery:Found 1 installed packages in /home/aa274/autonomy_ws/aa174_section2_4/install
[0.847s] DEBUG:colcon.colcon_installed_package_information.package_discovery:Found 18 installed packages in /home/aa274/tb_ws/install
[0.849s] DEBUG:colcon.colcon_installed_package_information.package_discovery:Found 239 installed packages in /opt/ros/humble
[0.853s] Level 1:colcon.colcon_core.package_discovery:discover_packages(prefix_path) using defaults
[0.950s] Level 5:colcon.colcon_core.verb:set package 'autonomy_repo' build argument 'cmake_args' from command line to '['-DCMAKE_EXPORT_COMPILE_COMMANDS=ON', '-DCMAKE_BUILD_TYPE=RelWithDebInfo']'
[0.950s] Level 5:colcon.colcon_core.verb:set package 'autonomy_repo' build argument 'cmake_target' from command line to 'None'
[0.950s] Level 5:colcon.colcon_core.verb:set package 'autonomy_repo' build argument 'cmake_target_skip_unavailable' from command line to 'False'
[0.950s] Level 5:colcon.colcon_core.verb:set package 'autonomy_repo' build argument 'cmake_clean_cache' from command line to 'False'
[0.950s] Level 5:colcon.colcon_core.verb:set package 'autonomy_repo' build argument 'cmake_clean_first' from command line to 'False'
[0.950s] Level 5:colcon.colcon_core.verb:set package 'autonomy_repo' build argument 'cmake_force_configure' from command line to 'False'
[0.951s] Level 5:colcon.colcon_core.verb:set package 'autonomy_repo' build argument 'ament_cmake_args' from command line to 'None'
[0.951s] Level 5:colcon.colcon_core.verb:set package 'autonomy_repo' build argument 'catkin_cmake_args' from command line to 'None'
[0.951s] Level 5:colcon.colcon_core.verb:set package 'autonomy_repo' build argument 'catkin_skip_building_tests' from command line to 'False'
[0.951s] DEBUG:colcon.colcon_core.verb:Building package 'autonomy_repo' with the following arguments: {'ament_cmake_args': None, 'build_base': '/home/aa274/autonomy_ws/aa174_section2_4/build/autonomy_repo', 'catkin_cmake_args': None, 'catkin_skip_building_tests': False, 'cmake_args': ['-DCMAKE_EXPORT_COMPILE_COMMANDS=ON', '-DCMAKE_BUILD_TYPE=RelWithDebInfo'], 'cmake_clean_cache': False, 'cmake_clean_first': False, 'cmake_force_configure': False, 'cmake_target': None, 'cmake_target_skip_unavailable': False, 'install_base': '/home/aa274/autonomy_ws/aa174_section2_4/install/autonomy_repo', 'merge_install': False, 'path': '/home/aa274/autonomy_ws/aa174_section2_4/autonomy_repo', 'symlink_install': True, 'test_result_base': None}
[0.951s] INFO:colcon.colcon_core.executor:Executing jobs using 'parallel' executor
[0.957s] DEBUG:colcon.colcon_parallel_executor.executor.parallel:run_until_complete
[0.957s] INFO:colcon.colcon_ros.task.ament_cmake.build:Building ROS package in '/home/aa274/autonomy_ws/aa174_section2_4/autonomy_repo' with build type 'ament_cmake'
[0.958s] INFO:colcon.colcon_cmake.task.cmake.build:Building CMake package in '/home/aa274/autonomy_ws/aa174_section2_4/autonomy_repo'
[0.978s] INFO:colcon.colcon_core.plugin_system:Skipping extension 'colcon_core.shell.bat': Not used on non-Windows systems
[0.979s] INFO:colcon.colcon_core.shell:Skip shell extension 'powershell' for command environment: Not usable outside of PowerShell
[0.980s] DEBUG:colcon.colcon_core.shell:Skip shell extension 'dsv' for command environment
[1.016s] DEBUG:colcon.colcon_core.event_handler.log_command:Invoking command in '/home/aa274/autonomy_ws/aa174_section2_4/build/autonomy_repo': CMAKE_PREFIX_PATH=${CMAKE_PREFIX_PATH}:/opt/ros/humble /usr/bin/cmake --build /home/aa274/autonomy_ws/aa174_section2_4/build/autonomy_repo -- -j14 -l14
[1.141s] DEBUG:colcon.colcon_core.event_handler.log_command:Invoked command in '/home/aa274/autonomy_ws/aa174_section2_4/build/autonomy_repo' returned '0': CMAKE_PREFIX_PATH=${CMAKE_PREFIX_PATH}:/opt/ros/humble /usr/bin/cmake --build /home/aa274/autonomy_ws/aa174_section2_4/build/autonomy_repo -- -j14 -l14
[1.264s] DEBUG:colcon.colcon_core.event_handler.log_command:Invoking command in '/home/aa274/autonomy_ws/aa174_section2_4/build/autonomy_repo': CMAKE_PREFIX_PATH=${CMAKE_PREFIX_PATH}:/opt/ros/humble /usr/bin/cmake --install /home/aa274/autonomy_ws/aa174_section2_4/build/autonomy_repo
[1.346s] Level 1:colcon.colcon_core.environment:create_environment_scripts_only(autonomy_repo)
[1.350s] DEBUG:colcon.colcon_core.event_handler.log_command:Invoked command in '/home/aa274/autonomy_ws/aa174_section2_4/build/autonomy_repo' returned '0': CMAKE_PREFIX_PATH=${CMAKE_PREFIX_PATH}:/opt/ros/humble /usr/bin/cmake --install /home/aa274/autonomy_ws/aa174_section2_4/build/autonomy_repo
[1.357s] Level 1:colcon.colcon_core.environment:checking '/home/aa274/autonomy_ws/aa174_section2_4/install/autonomy_repo' for CMake module files
[1.361s] Level 1:colcon.colcon_core.environment:checking '/home/aa274/autonomy_ws/aa174_section2_4/install/autonomy_repo' for CMake config files
[1.362s] Level 1:colcon.colcon_core.shell:create_environment_hook('autonomy_repo', 'cmake_prefix_path')
[1.363s] INFO:colcon.colcon_core.shell:Creating environment hook '/home/aa274/autonomy_ws/aa174_section2_4/install/autonomy_repo/share/autonomy_repo/hook/cmake_prefix_path.ps1'
[1.366s] INFO:colcon.colcon_core.shell:Creating environment descriptor '/home/aa274/autonomy_ws/aa174_section2_4/install/autonomy_repo/share/autonomy_repo/hook/cmake_prefix_path.dsv'
[1.368s] INFO:colcon.colcon_core.shell:Creating environment hook '/home/aa274/autonomy_ws/aa174_section2_4/install/autonomy_repo/share/autonomy_repo/hook/cmake_prefix_path.sh'
[1.371s] Level 1:colcon.colcon_core.environment:checking '/home/aa274/autonomy_ws/aa174_section2_4/install/autonomy_repo/lib'
[1.372s] Level 1:colcon.colcon_core.environment:checking '/home/aa274/autonomy_ws/aa174_section2_4/install/autonomy_repo/bin'
[1.372s] Level 1:colcon.colcon_core.environment:checking '/home/aa274/autonomy_ws/aa174_section2_4/install/autonomy_repo/lib/pkgconfig/autonomy_repo.pc'
[1.373s] Level 1:colcon.colcon_core.environment:checking '/home/aa274/autonomy_ws/aa174_section2_4/install/autonomy_repo/lib/python3.10/site-packages'
[1.375s] Level 1:colcon.colcon_core.environment:checking '/home/aa274/autonomy_ws/aa174_section2_4/install/autonomy_repo/bin'
[1.376s] INFO:colcon.colcon_core.shell:Creating package script '/home/aa274/autonomy_ws/aa174_section2_4/install/autonomy_repo/share/autonomy_repo/package.ps1'
[1.379s] INFO:colcon.colcon_core.shell:Creating package descriptor '/home/aa274/autonomy_ws/aa174_section2_4/install/autonomy_repo/share/autonomy_repo/package.dsv'
[1.382s] INFO:colcon.colcon_core.shell:Creating package script '/home/aa274/autonomy_ws/aa174_section2_4/install/autonomy_repo/share/autonomy_repo/package.sh'
[1.385s] INFO:colcon.colcon_core.shell:Creating package script '/home/aa274/autonomy_ws/aa174_section2_4/install/autonomy_repo/share/autonomy_repo/package.bash'
[1.388s] INFO:colcon.colcon_core.shell:Creating package script '/home/aa274/autonomy_ws/aa174_section2_4/install/autonomy_repo/share/autonomy_repo/package.zsh'
[1.390s] Level 1:colcon.colcon_core.environment:create_file_with_runtime_dependencies(/home/aa274/autonomy_ws/aa174_section2_4/install/autonomy_repo/share/colcon-core/packages/autonomy_repo)
[1.467s] Level 1:colcon.colcon_core.environment:create_environment_scripts_only(autonomy_repo)
[1.468s] Level 1:colcon.colcon_core.environment:checking '/home/aa274/autonomy_ws/aa174_section2_4/install/autonomy_repo' for CMake module files
[1.469s] Level 1:colcon.colcon_core.environment:checking '/home/aa274/autonomy_ws/aa174_section2_4/install/autonomy_repo' for CMake config files
[1.470s] Level 1:colcon.colcon_core.shell:create_environment_hook('autonomy_repo', 'cmake_prefix_path')
[1.471s] INFO:colcon.colcon_core.shell:Creating environment hook '/home/aa274/autonomy_ws/aa174_section2_4/install/autonomy_repo/share/autonomy_repo/hook/cmake_prefix_path.ps1'
[1.473s] INFO:colcon.colcon_core.shell:Creating environment descriptor '/home/aa274/autonomy_ws/aa174_section2_4/install/autonomy_repo/share/autonomy_repo/hook/cmake_prefix_path.dsv'
[1.475s] INFO:colcon.colcon_core.shell:Creating environment hook '/home/aa274/autonomy_ws/aa174_section2_4/install/autonomy_repo/share/autonomy_repo/hook/cmake_prefix_path.sh'
[1.477s] Level 1:colcon.colcon_core.environment:checking '/home/aa274/autonomy_ws/aa174_section2_4/install/autonomy_repo/lib'
[1.478s] Level 1:colcon.colcon_core.environment:checking '/home/aa274/autonomy_ws/aa174_section2_4/install/autonomy_repo/bin'
[1.478s] Level 1:colcon.colcon_core.environment:checking '/home/aa274/autonomy_ws/aa174_section2_4/install/autonomy_repo/lib/pkgconfig/autonomy_repo.pc'
[1.479s] Level 1:colcon.colcon_core.environment:checking '/home/aa274/autonomy_ws/aa174_section2_4/install/autonomy_repo/lib/python3.10/site-packages'
[1.480s] Level 1:colcon.colcon_core.environment:checking '/home/aa274/autonomy_ws/aa174_section2_4/install/autonomy_repo/bin'
[1.481s] INFO:colcon.colcon_core.shell:Creating package script '/home/aa274/autonomy_ws/aa174_section2_4/install/autonomy_repo/share/autonomy_repo/package.ps1'
[1.483s] INFO:colcon.colcon_core.shell:Creating package descriptor '/home/aa274/autonomy_ws/aa174_section2_4/install/autonomy_repo/share/autonomy_repo/package.dsv'
[1.485s] INFO:colcon.colcon_core.shell:Creating package script '/home/aa274/autonomy_ws/aa174_section2_4/install/autonomy_repo/share/autonomy_repo/package.sh'
[1.490s] INFO:colcon.colcon_core.shell:Creating package script '/home/aa274/autonomy_ws/aa174_section2_4/install/autonomy_repo/share/autonomy_repo/package.bash'
[1.492s] INFO:colcon.colcon_core.shell:Creating package script '/home/aa274/autonomy_ws/aa174_section2_4/install/autonomy_repo/share/autonomy_repo/package.zsh'
[1.494s] Level 1:colcon.colcon_core.environment:create_file_with_runtime_dependencies(/home/aa274/autonomy_ws/aa174_section2_4/install/autonomy_repo/share/colcon-core/packages/autonomy_repo)
[1.495s] DEBUG:colcon.colcon_parallel_executor.executor.parallel:closing loop
[1.497s] DEBUG:colcon.colcon_parallel_executor.executor.parallel:loop closed
[1.498s] DEBUG:colcon.colcon_parallel_executor.executor.parallel:run_until_complete finished with '0'
[1.499s] DEBUG:colcon.colcon_core.event_reactor:joining thread
[1.517s] INFO:colcon.colcon_core.plugin_system:Skipping extension 'colcon_notification.desktop_notification.terminal_notifier': Not used on non-Darwin systems
[1.518s] INFO:colcon.colcon_core.plugin_system:Skipping extension 'colcon_notification.desktop_notification.win32': Not used on non-Windows systems
[1.518s] INFO:colcon.colcon_notification.desktop_notification:Sending desktop notification using 'notify2'
[1.539s] DEBUG:colcon.colcon_core.event_reactor:joined thread
[1.541s] INFO:colcon.colcon_core.shell:Creating prefix script '/home/aa274/autonomy_ws/aa174_section2_4/install/local_setup.ps1'
[1.544s] INFO:colcon.colcon_core.shell:Creating prefix util module '/home/aa274/autonomy_ws/aa174_section2_4/install/_local_setup_util_ps1.py'
[1.550s] INFO:colcon.colcon_core.shell:Creating prefix chain script '/home/aa274/autonomy_ws/aa174_section2_4/install/setup.ps1'
[1.557s] INFO:colcon.colcon_core.shell:Creating prefix script '/home/aa274/autonomy_ws/aa174_section2_4/install/local_setup.sh'
[1.559s] INFO:colcon.colcon_core.shell:Creating prefix util module '/home/aa274/autonomy_ws/aa174_section2_4/install/_local_setup_util_sh.py'
[1.562s] INFO:colcon.colcon_core.shell:Creating prefix chain script '/home/aa274/autonomy_ws/aa174_section2_4/install/setup.sh'
[1.569s] INFO:colcon.colcon_core.shell:Creating prefix script '/home/aa274/autonomy_ws/aa174_section2_4/install/local_setup.bash'
[1.571s] INFO:colcon.colcon_core.shell:Creating prefix chain script '/home/aa274/autonomy_ws/aa174_section2_4/install/setup.bash'
[1.578s] INFO:colcon.colcon_core.shell:Creating prefix script '/home/aa274/autonomy_ws/aa174_section2_4/install/local_setup.zsh'
[1.580s] INFO:colcon.colcon_core.shell:Creating prefix chain script '/home/aa274/autonomy_ws/aa174_section2_4/install/setup.zsh'
