[0.034s] Invoking command in '/home/aa274/autonomy_ws/build/autonomy_repo': CMAKE_PREFIX_PATH=${CMAKE_PREFIX_PATH}:/opt/ros/humble /usr/bin/cmake --build /home/aa274/autonomy_ws/build/autonomy_repo -- -j8 -l8
[0.113s] Invoked command in '/home/aa274/autonomy_ws/build/autonomy_repo' returned '0': CMAKE_PREFIX_PATH=${CMAKE_PREFIX_PATH}:/opt/ros/humble /usr/bin/cmake --build /home/aa274/autonomy_ws/build/autonomy_repo -- -j8 -l8
[0.182s] Invoking command in '/home/aa274/autonomy_ws/build/autonomy_repo': CMAKE_PREFIX_PATH=${CMAKE_PREFIX_PATH}:/opt/ros/humble /usr/bin/cmake --install /home/aa274/autonomy_ws/build/autonomy_repo
[0.210s] -- Install configuration: "RelWithDebInfo"
[0.211s] -- Execute custom install script
[0.211s] -- Up-to-date symlink: /home/aa274/autonomy_ws/install/autonomy_repo/lib/autonomy_repo/heading_controller.py
[0.212s] -- Up-to-date symlink: /home/aa274/autonomy_ws/install/autonomy_repo/lib/autonomy_repo/p3_plot.py
[0.212s] -- Up-to-date symlink: /home/aa274/autonomy_ws/install/autonomy_repo/lib/autonomy_repo/navigator.py
[0.213s] -- Up-to-date symlink: /home/aa274/autonomy_ws/install/autonomy_repo/share/autonomy_repo/launch/heading_control.launch.py
[0.213s] -- Up-to-date symlink: /home/aa274/autonomy_ws/install/autonomy_repo/share/autonomy_repo/launch/navigator.launch.py
[0.213s] -- Up-to-date symlink: /home/aa274/autonomy_ws/install/autonomy_repo/share/autonomy_repo/rviz/default.rviz
[0.214s] -- Up-to-date symlink: /home/aa274/autonomy_ws/install/autonomy_repo/share/ament_index/resource_index/package_run_dependencies/autonomy_repo
[0.214s] -- Up-to-date symlink: /home/aa274/autonomy_ws/install/autonomy_repo/share/ament_index/resource_index/parent_prefix_path/autonomy_repo
[0.214s] -- Up-to-date symlink: /home/aa274/autonomy_ws/install/autonomy_repo/share/autonomy_repo/environment/ament_prefix_path.sh
[0.215s] -- Up-to-date symlink: /home/aa274/autonomy_ws/install/autonomy_repo/share/autonomy_repo/environment/ament_prefix_path.dsv
[0.216s] -- Up-to-date symlink: /home/aa274/autonomy_ws/install/autonomy_repo/share/autonomy_repo/environment/path.sh
[0.217s] -- Up-to-date symlink: /home/aa274/autonomy_ws/install/autonomy_repo/share/autonomy_repo/environment/path.dsv
[0.217s] -- Up-to-date symlink: /home/aa274/autonomy_ws/install/autonomy_repo/share/autonomy_repo/local_setup.bash
[0.218s] -- Up-to-date symlink: /home/aa274/autonomy_ws/install/autonomy_repo/share/autonomy_repo/local_setup.sh
[0.219s] -- Up-to-date symlink: /home/aa274/autonomy_ws/install/autonomy_repo/share/autonomy_repo/local_setup.zsh
[0.220s] -- Up-to-date symlink: /home/aa274/autonomy_ws/install/autonomy_repo/share/autonomy_repo/local_setup.dsv
[0.221s] -- Symlinking: /home/aa274/autonomy_ws/install/autonomy_repo/share/autonomy_repo/package.dsv
[0.244s] -- Up-to-date symlink: /home/aa274/autonomy_ws/install/autonomy_repo/share/ament_index/resource_index/packages/autonomy_repo
[0.244s] -- Up-to-date symlink: /home/aa274/autonomy_ws/install/autonomy_repo/share/autonomy_repo/cmake/autonomy_repoConfig.cmake
[0.244s] -- Up-to-date symlink: /home/aa274/autonomy_ws/install/autonomy_repo/share/autonomy_repo/cmake/autonomy_repoConfig-version.cmake
[0.244s] -- Up-to-date symlink: /home/aa274/autonomy_ws/install/autonomy_repo/share/autonomy_repo/package.xml
[0.250s] Invoked command in '/home/aa274/autonomy_ws/build/autonomy_repo' returned '0': CMAKE_PREFIX_PATH=${CMAKE_PREFIX_PATH}:/opt/ros/humble /usr/bin/cmake --install /home/aa274/autonomy_ws/build/autonomy_repo
