[0.008s] Invoking command in '/home/aa274/autonomy_ws/aa174_section2_4/build/autonomy_repo': CMAKE_PREFIX_PATH=${CMAKE_PREFIX_PATH}:/opt/ros/humble /usr/bin/cmake --build /home/aa274/autonomy_ws/aa174_section2_4/build/autonomy_repo -- -j14 -l14
[0.041s] Invoked command in '/home/aa274/autonomy_ws/aa174_section2_4/build/autonomy_repo' returned '0': CMAKE_PREFIX_PATH=${CMAKE_PREFIX_PATH}:/opt/ros/humble /usr/bin/cmake --build /home/aa274/autonomy_ws/aa174_section2_4/build/autonomy_repo -- -j14 -l14
[0.065s] Invoking command in '/home/aa274/autonomy_ws/aa174_section2_4/build/autonomy_repo': CMAKE_PREFIX_PATH=${CMAKE_PREFIX_PATH}:/opt/ros/humble /usr/bin/cmake --install /home/aa274/autonomy_ws/aa174_section2_4/build/autonomy_repo
[0.072s] -- Install configuration: "RelWithDebInfo"
[0.072s] -- Execute custom install script
[0.073s] -- Up-to-date symlink: /home/aa274/autonomy_ws/aa174_section2_4/install/autonomy_repo/lib/autonomy_repo/navigator.py
[0.073s] -- Up-to-date symlink: /home/aa274/autonomy_ws/aa174_section2_4/install/autonomy_repo/share/autonomy_repo/launch/navigator.launch.py
[0.073s] -- Up-to-date symlink: /home/aa274/autonomy_ws/aa174_section2_4/install/autonomy_repo/share/autonomy_repo/rviz/default.rviz
[0.074s] -- Up-to-date symlink: /home/aa274/autonomy_ws/aa174_section2_4/install/autonomy_repo/share/ament_index/resource_index/package_run_dependencies/autonomy_repo
[0.074s] -- Up-to-date symlink: /home/aa274/autonomy_ws/aa174_section2_4/install/autonomy_repo/share/ament_index/resource_index/parent_prefix_path/autonomy_repo
[0.074s] -- Up-to-date symlink: /home/aa274/autonomy_ws/aa174_section2_4/install/autonomy_repo/share/autonomy_repo/environment/ament_prefix_path.sh
[0.074s] -- Up-to-date symlink: /home/aa274/autonomy_ws/aa174_section2_4/install/autonomy_repo/share/autonomy_repo/environment/ament_prefix_path.dsv
[0.075s] -- Up-to-date symlink: /home/aa274/autonomy_ws/aa174_section2_4/install/autonomy_repo/share/autonomy_repo/environment/path.sh
[0.075s] -- Up-to-date symlink: /home/aa274/autonomy_ws/aa174_section2_4/install/autonomy_repo/share/autonomy_repo/environment/path.dsv
[0.075s] -- Up-to-date symlink: /home/aa274/autonomy_ws/aa174_section2_4/install/autonomy_repo/share/autonomy_repo/local_setup.bash
[0.075s] -- Up-to-date symlink: /home/aa274/autonomy_ws/aa174_section2_4/install/autonomy_repo/share/autonomy_repo/local_setup.sh
[0.075s] -- Up-to-date symlink: /home/aa274/autonomy_ws/aa174_section2_4/install/autonomy_repo/share/autonomy_repo/local_setup.zsh
[0.075s] -- Up-to-date symlink: /home/aa274/autonomy_ws/aa174_section2_4/install/autonomy_repo/share/autonomy_repo/local_setup.dsv
[0.075s] -- Symlinking: /home/aa274/autonomy_ws/aa174_section2_4/install/autonomy_repo/share/autonomy_repo/package.dsv
[0.083s] -- Up-to-date symlink: /home/aa274/autonomy_ws/aa174_section2_4/install/autonomy_repo/share/ament_index/resource_index/packages/autonomy_repo
[0.083s] -- Up-to-date symlink: /home/aa274/autonomy_ws/aa174_section2_4/install/autonomy_repo/share/autonomy_repo/cmake/autonomy_repoConfig.cmake
[0.083s] -- Up-to-date symlink: /home/aa274/autonomy_ws/aa174_section2_4/install/autonomy_repo/share/autonomy_repo/cmake/autonomy_repoConfig-version.cmake
[0.083s] -- Up-to-date symlink: /home/aa274/autonomy_ws/aa174_section2_4/install/autonomy_repo/share/autonomy_repo/package.xml
[0.085s] Invoked command in '/home/aa274/autonomy_ws/aa174_section2_4/build/autonomy_repo' returned '0': CMAKE_PREFIX_PATH=${CMAKE_PREFIX_PATH}:/opt/ros/humble /usr/bin/cmake --install /home/aa274/autonomy_ws/aa174_section2_4/build/autonomy_repo
